Windows PowerShell
(C) Корпорация Майкрософт (Microsoft Corporation). Все права защищены.

PS E:\NETOLOGY\Part-7\HOMEWORKs\ajs-22_1.workspace> npm run build

> defender-game@1.0.0 build
> babel src -d dist

Successfully compiled 1 file with Babel (1292ms).
PS E:\NETOLOGY\Part-7\HOMEWORKs\ajs-22_1.workspace> npm run lint

> defender-game@1.0.0 lint
> eslint .


Oops! Something went wrong! :(

ESLint: 8.7.0

Error: Failed to load parser '@typescript-eslint/parser' declared in '.eslintrc.yml': Cannot find module 'typescript'
Require stack:
- E:\NETOLOGY\Part-7\HOMEWORKs\ajs-22_1.workspace\node_modules\@typescript-eslint\typescript-estree\dist\parser.js
- E:\NETOLOGY\Part-7\HOMEWORKs\ajs-22_1.workspace\node_modules\@typescript-eslint\typescript-estree\dist\index.js
- E:\NETOLOGY\Part-7\HOMEWORKs\ajs-22_1.workspace\node_modules\@typescript-eslint\parser\dist\parser.js
- E:\NETOLOGY\Part-7\HOMEWORKs\ajs-22_1.workspace\node_modules\@typescript-eslint\parser\dist\index.js
- E:\NETOLOGY\Part-7\HOMEWORKs\ajs-22_1.workspace\node_modules\@eslint\eslintrc\dist\eslintrc.cjs
    at Function.Module._resolveFilename (node:internal/modules/cjs/loader:933:15)
    at Function.Module._load (node:internal/modules/cjs/loader:778:27)
    at Module.require (node:internal/modules/cjs/loader:1005:19)
    at require (E:\NETOLOGY\Part-7\HOMEWORKs\ajs-22_1.workspace\node_modules\v8-compile-cache\v8-compile-cache.js:159:20)
    at Object.<anonymous> (E:\NETOLOGY\Part-7\HOMEWORKs\ajs-22_1.workspace\node_modules\@typescript-eslint\typescript-estree\dist\parser.js:31:25)
    at Module._compile (E:\NETOLOGY\Part-7\HOMEWORKs\ajs-22_1.workspace\node_modules\v8-compile-cache\v8-compile-cache.js:192:30)
    at Object.Module._extensions..js (node:internal/modules/cjs/loader:1153:10)
    at Module.load (node:internal/modules/cjs/loader:981:32)
    at Function.Module._load (node:internal/modules/cjs/loader:822:12)
    at Module.require (node:internal/modules/cjs/loader:1005:19)
PS E:\NETOLOGY\Part-7\HOMEWORKs\ajs-22_1.workspace> npm run lint

> defender-game@1.0.0 lint
> eslint .


Oops! Something went wrong! :(

ESLint: 8.7.0

Error: Failed to load parser '@typescript-eslint/parser' declared in '.eslintrc.yml': Cannot find module 'typescript'
Require stack:
- E:\NETOLOGY\Part-7\HOMEWORKs\ajs-22_1.workspace\node_modules\@typescript-eslint\parser\node_modules\@typescript-eslint\typescript-estree\dist\parser.js
- E:\NETOLOGY\Part-7\HOMEWORKs\ajs-22_1.workspace\node_modules\@typescript-eslint\parser\node_modules\@typescript-eslint\typescript-estree\dist\index.js
- E:\NETOLOGY\Part-7\HOMEWORKs\ajs-22_1.workspace\node_modules\@typescript-eslint\parser\dist\parser.js
- E:\NETOLOGY\Part-7\HOMEWORKs\ajs-22_1.workspace\node_modules\@typescript-eslint\parser\dist\index.js
- E:\NETOLOGY\Part-7\HOMEWORKs\ajs-22_1.workspace\node_modules\@eslint\eslintrc\dist\eslintrc.cjs
    at Function.Module._resolveFilename (node:internal/modules/cjs/loader:933:15)
    at Function.Module._load (node:internal/modules/cjs/loader:778:27)
    at Module.require (node:internal/modules/cjs/loader:1005:19)
    at require (E:\NETOLOGY\Part-7\HOMEWORKs\ajs-22_1.workspace\node_modules\v8-compile-cache\v8-compile-cache.js:159:20)
    at Object.<anonymous> (E:\NETOLOGY\Part-7\HOMEWORKs\ajs-22_1.workspace\node_modules\@typescript-eslint\parser\node_modules\@typescript-eslint\typescript-estree\dist\parser.js:31:25)
    at Module._compile (E:\NETOLOGY\Part-7\HOMEWORKs\ajs-22_1.workspace\node_modules\v8-compile-cache\v8-compile-cache.js:192:30)
    at Object.Module._extensions..js (node:internal/modules/cjs/loader:1153:10)
    at Module.load (node:internal/modules/cjs/loader:981:32)
    at Function.Module._load (node:internal/modules/cjs/loader:822:12)
    at Module.require (node:internal/modules/cjs/loader:1005:19)
PS E:\NETOLOGY\Part-7\HOMEWORKs\ajs-22_1.workspace> npm i @typescript-eslint/parser

up to date, audited 398 packages in 1m

73 packages are looking for funding
  run `npm fund` for details

found 0 vulnerabilities
PS E:\NETOLOGY\Part-7\HOMEWORKs\ajs-22_1.workspace> npm run lint

> defender-game@1.0.0 lint
> eslint .


Oops! Something went wrong! :(

ESLint: 8.7.0

Error: Failed to load parser '@typescript-eslint/parser' declared in '.eslintrc.yml': Cannot find module 'typescript'
Require stack:
- E:\NETOLOGY\Part-7\HOMEWORKs\ajs-22_1.workspace\node_modules\@typescript-eslint\parser\node_modules\@typescript-eslint\typescript-estree\dist\parser.js
- E:\NETOLOGY\Part-7\HOMEWORKs\ajs-22_1.workspace\node_modules\@typescript-eslint\parser\node_modules\@typescript-eslint\typescript-estree\dist\index.js
- E:\NETOLOGY\Part-7\HOMEWORKs\ajs-22_1.workspace\node_modules\@typescript-eslint\parser\dist\parser.js
- E:\NETOLOGY\Part-7\HOMEWORKs\ajs-22_1.workspace\node_modules\@typescript-eslint\parser\dist\index.js
- E:\NETOLOGY\Part-7\HOMEWORKs\ajs-22_1.workspace\node_modules\@eslint\eslintrc\dist\eslintrc.cjs
    at Function.Module._resolveFilename (node:internal/modules/cjs/loader:933:15)
    at Function.Module._load (node:internal/modules/cjs/loader:778:27)
    at Module.require (node:internal/modules/cjs/loader:1005:19)
    at require (E:\NETOLOGY\Part-7\HOMEWORKs\ajs-22_1.workspace\node_modules\v8-compile-cache\v8-compile-cache.js:159:20)
    at Object.<anonymous> (E:\NETOLOGY\Part-7\HOMEWORKs\ajs-22_1.workspace\node_modules\@typescript-eslint\parser\node_modules\@typescript-eslint\typescript-estree\dist\parser.js:31:25)
    at Module._compile (E:\NETOLOGY\Part-7\HOMEWORKs\ajs-22_1.workspace\node_modules\v8-compile-cache\v8-compile-cache.js:192:30)
    at Object.Module._extensions..js (node:internal/modules/cjs/loader:1153:10)
    at Module.load (node:internal/modules/cjs/loader:981:32)
    at Function.Module._load (node:internal/modules/cjs/loader:822:12)
    at Module.require (node:internal/modules/cjs/loader:1005:19)
PS E:\NETOLOGY\Part-7\HOMEWORKs\ajs-22_1.workspace> npm run lint